2024-12-24 15:24:43-log: Cannot access game frame or container.
2024-12-24 15:24:44-debug: asset-db:require-engine-code (607ms)
2024-12-24 15:24:44-log: meshopt wasm decoder initialized
2024-12-24 15:24:44-log: [bullet]:bullet wasm lib loaded.
2024-12-24 15:24:44-log: [box2d]:box2d wasm lib loaded.
2024-12-24 15:24:44-log: Cocos Creator v3.8.4
2024-12-24 15:24:44-debug: [Assets Memory track]: asset-db-plugin-register: programming start:83.26MB, end 84.60MB, increase: 1.33MB
2024-12-24 15:24:46-debug: [Assets Memory track]: asset-db-plugin-register: builder start:84.63MB, end 205.21MB, increase: 120.59MB
2024-12-24 15:24:46-debug: [Assets Memory track]: asset-db-plugin-register: engine-extends start:205.40MB, end 208.00MB, increase: 2.60MB
2024-12-24 15:24:46-debug: [Assets Memory track]: asset-db-plugin-register: project start:83.15MB, end 208.07MB, increase: 124.92MB
2024-12-24 15:24:46-debug: [Assets Memory track]: asset-db:worker-init: initPlugin start:82.47MB, end 208.10MB, increase: 125.63MB
2024-12-24 15:24:44-log: Forward render pipeline initialized.
2024-12-24 15:24:44-log: Using legacy pipeline
2024-12-24 15:24:44-debug: [Assets Memory track]: asset-db:worker-init: initEngine start:30.45MB, end 82.45MB, increase: 52.00MB
2024-12-24 15:24:46-debug: run package(wechatprogram) handler(enable) start
2024-12-24 15:24:46-debug: run package(windows) handler(enable) success!
2024-12-24 15:24:46-debug: run package(xiaomi-quick-game) handler(enable) start
2024-12-24 15:24:46-debug: run package(cocos-service) handler(enable) start
2024-12-24 15:24:46-debug: run package(cocos-service) handler(enable) success!
2024-12-24 15:24:46-debug: run package(im-plugin) handler(enable) start
2024-12-24 15:24:46-debug: run package(im-plugin) handler(enable) success!
2024-12-24 15:24:46-debug: run package(placeholder) handler(enable) start
2024-12-24 15:24:46-debug: run package(placeholder) handler(enable) success!
2024-12-24 15:24:46-debug: run package(xiaomi-quick-game) handler(enable) success!
2024-12-24 15:24:46-debug: run package(wechatprogram) handler(enable) success!
2024-12-24 15:24:46-debug: run package(windows) handler(enable) start
2024-12-24 15:24:46-debug: asset-db:worker-init: initPlugin (1921ms)
2024-12-24 15:24:46-debug: [Assets Memory track]: asset-db:worker-init start:30.45MB, end 208.80MB, increase: 178.35MB
2024-12-24 15:24:46-debug: Run asset db hook programming:beforePreStart ...
2024-12-24 15:24:46-debug: Run asset db hook programming:beforePreStart success!
2024-12-24 15:24:46-debug: Run asset db hook engine-extends:beforePreStart ...
2024-12-24 15:24:46-debug: Run asset db hook engine-extends:beforePreStart success!
2024-12-24 15:24:46-debug: asset-db:worker-init (2826ms)
2024-12-24 15:24:46-debug: asset-db-hook-programming-beforePreStart (69ms)
2024-12-24 15:24:46-debug: asset-db-hook-engine-extends-beforePreStart (69ms)
2024-12-24 15:24:46-debug: Preimport db internal success
2024-12-24 15:24:46-debug: Preimport db assets success
2024-12-24 15:24:46-debug: starting packer-driver...
2024-12-24 15:24:46-debug: Run asset db hook programming:afterPreStart ...
2024-12-24 15:24:46-debug: initialize scripting environment...
2024-12-24 15:24:46-debug: Set detail map pack:///resolution-detail-map.json: {}
2024-12-24 15:24:46-debug: Start up the 'internal' database...
2024-12-24 15:24:46-debug: Run asset db hook programming:afterPreStart success!
2024-12-24 15:24:46-debug: Run asset db hook engine-extends:afterPreStart success!
2024-12-24 15:24:46-debug: Run asset db hook engine-extends:afterPreStart ...
2024-12-24 15:24:46-debug: asset-db-hook-programming-afterPreStart (467ms)
2024-12-24 15:24:46-debug: asset-db:worker-effect-data-processing (202ms)
2024-12-24 15:24:46-debug: asset-db-hook-engine-extends-afterPreStart (202ms)
2024-12-24 15:24:46-debug: [Assets Memory track]: asset-db:worker-startup-database[internal] start:208.89MB, end 224.29MB, increase: 15.40MB
2024-12-24 15:24:46-debug: Start up the 'assets' database...
2024-12-24 15:24:46-debug: asset-db:worker-startup-database[internal] (636ms)
2024-12-24 15:24:46-debug: [Assets Memory track]: asset-db:worker-startup-database[assets] start:207.37MB, end 221.62MB, increase: 14.24MB
2024-12-24 15:24:46-debug: lazy register asset handler *
2024-12-24 15:24:46-debug: lazy register asset handler directory
2024-12-24 15:24:46-debug: lazy register asset handler text
2024-12-24 15:24:46-debug: lazy register asset handler json
2024-12-24 15:24:46-debug: [Assets Memory track]: asset-db:worker-init: startup start:209.20MB, end 221.63MB, increase: 12.43MB
2024-12-24 15:24:46-debug: lazy register asset handler dragonbones-atlas
2024-12-24 15:24:46-debug: lazy register asset handler terrain
2024-12-24 15:24:46-debug: lazy register asset handler javascript
2024-12-24 15:24:46-debug: lazy register asset handler scene
2024-12-24 15:24:46-debug: lazy register asset handler prefab
2024-12-24 15:24:46-debug: lazy register asset handler sprite-frame
2024-12-24 15:24:46-debug: lazy register asset handler tiled-map
2024-12-24 15:24:46-debug: lazy register asset handler buffer
2024-12-24 15:24:46-debug: lazy register asset handler image
2024-12-24 15:24:46-debug: lazy register asset handler sign-image
2024-12-24 15:24:46-debug: lazy register asset handler alpha-image
2024-12-24 15:24:46-debug: lazy register asset handler texture
2024-12-24 15:24:46-debug: lazy register asset handler texture-cube
2024-12-24 15:24:46-debug: lazy register asset handler erp-texture-cube
2024-12-24 15:24:46-debug: lazy register asset handler render-texture
2024-12-24 15:24:46-debug: lazy register asset handler texture-cube-face
2024-12-24 15:24:46-debug: lazy register asset handler rt-sprite-frame
2024-12-24 15:24:46-debug: lazy register asset handler gltf
2024-12-24 15:24:46-debug: lazy register asset handler gltf-mesh
2024-12-24 15:24:46-debug: lazy register asset handler gltf-animation
2024-12-24 15:24:46-debug: lazy register asset handler gltf-skeleton
2024-12-24 15:24:46-debug: lazy register asset handler gltf-material
2024-12-24 15:24:46-debug: lazy register asset handler gltf-scene
2024-12-24 15:24:46-debug: lazy register asset handler gltf-embeded-image
2024-12-24 15:24:46-debug: lazy register asset handler fbx
2024-12-24 15:24:46-debug: lazy register asset handler material
2024-12-24 15:24:46-debug: lazy register asset handler physics-material
2024-12-24 15:24:46-debug: lazy register asset handler effect
2024-12-24 15:24:46-debug: lazy register asset handler effect-header
2024-12-24 15:24:46-debug: lazy register asset handler audio-clip
2024-12-24 15:24:46-debug: lazy register asset handler animation-clip
2024-12-24 15:24:46-debug: lazy register asset handler animation-graph
2024-12-24 15:24:46-debug: lazy register asset handler animation-graph-variant
2024-12-24 15:24:46-debug: lazy register asset handler animation-mask
2024-12-24 15:24:46-debug: lazy register asset handler ttf-font
2024-12-24 15:24:46-debug: lazy register asset handler bitmap-font
2024-12-24 15:24:46-debug: lazy register asset handler particle
2024-12-24 15:24:46-debug: lazy register asset handler sprite-atlas
2024-12-24 15:24:46-debug: lazy register asset handler auto-atlas
2024-12-24 15:24:46-debug: lazy register asset handler typescript
2024-12-24 15:24:46-debug: lazy register asset handler render-pipeline
2024-12-24 15:24:46-debug: lazy register asset handler render-stage
2024-12-24 15:24:46-debug: lazy register asset handler render-flow
2024-12-24 15:24:46-debug: lazy register asset handler instantiation-material
2024-12-24 15:24:46-debug: lazy register asset handler instantiation-mesh
2024-12-24 15:24:46-debug: lazy register asset handler instantiation-skeleton
2024-12-24 15:24:46-debug: lazy register asset handler instantiation-animation
2024-12-24 15:24:46-debug: lazy register asset handler dragonbones
2024-12-24 15:24:46-debug: lazy register asset handler label-atlas
2024-12-24 15:24:46-debug: lazy register asset handler spine-data
2024-12-24 15:24:46-debug: lazy register asset handler video-clip
2024-12-24 15:24:46-debug: asset-db:worker-startup-database[assets] (581ms)
2024-12-24 15:24:46-debug: asset-db:start-database (674ms)
2024-12-24 15:24:46-debug: asset-db:ready (5438ms)
2024-12-24 15:24:46-debug: init worker message success
2024-12-24 15:24:47-debug: [Build Memory track]: builder:worker-init start:226.71MB, end 234.10MB, increase: 7.38MB
2024-12-24 15:24:47-debug: programming:execute-script (3ms)
2024-12-24 15:24:47-debug: builder:worker-init (349ms)
2024-12-24 15:25:11-debug: refresh db internal success
2024-12-24 15:25:11-debug: refresh db assets success
2024-12-24 15:25:11-debug: Run asset db hook engine-extends:afterRefresh ...
2024-12-24 15:25:11-debug: Run asset db hook engine-extends:afterRefresh success!
2024-12-24 15:25:11-debug: asset-db:refresh-all-database (39ms)
2024-12-24 15:25:11-debug: asset-db-hook-engine-extends-afterRefresh (1ms)
2024-12-24 15:25:11-debug: asset-db:worker-effect-data-processing (1ms)
2024-12-24 15:27:45-debug: refresh db internal success
2024-12-24 15:27:45-debug: refresh db assets success
2024-12-24 15:27:45-debug: Run asset db hook engine-extends:afterRefresh ...
2024-12-24 15:27:45-debug: Run asset db hook engine-extends:afterRefresh success!
2024-12-24 15:27:45-debug: asset-db:refresh-all-database (113ms)
2024-12-24 15:27:45-debug: asset-db-hook-engine-extends-afterRefresh (6ms)
2024-12-24 15:27:45-debug: asset-db:worker-effect-data-processing (6ms)
2024-12-24 15:30:13-debug: refresh db internal success
2024-12-24 15:30:13-debug: refresh db assets success
2024-12-24 15:30:13-debug: Run asset db hook engine-extends:afterRefresh ...
2024-12-24 15:30:13-debug: Run asset db hook engine-extends:afterRefresh success!
2024-12-24 15:30:13-debug: asset-db:refresh-all-database (46ms)
2024-12-24 15:30:13-debug: asset-db:worker-effect-data-processing (1ms)
2024-12-24 15:30:13-debug: asset-db-hook-engine-extends-afterRefresh (1ms)
2024-12-24 19:43:34-error: _updateAdaptResult Invalid size.
2024-12-24 19:43:36-error: _updateAdaptResult Invalid size.
2024-12-25 10:14:28-error: _updateAdaptResult Invalid size.
2024-12-25 10:14:33-error: _updateAdaptResult Invalid size.
2024-12-25 11:31:28-error: _updateAdaptResult Invalid size.
2024-12-25 11:31:31-error: _updateAdaptResult Invalid size.
2024-12-25 18:56:08-error: _updateAdaptResult Invalid size.
2024-12-25 18:56:08-error: _updateAdaptResult Invalid size.
2024-12-25 19:17:33-error: _updateAdaptResult Invalid size.
2024-12-26 10:09:30-error: _updateAdaptResult Invalid size.
2024-12-27 10:09:23-error: _updateAdaptResult Invalid size.
2024-12-27 10:09:26-error: _updateAdaptResult Invalid size.
