2025-5-14 21:35:57-debug: start **** info
2025-5-14 21:35:57-log: Cannot access game frame or container.
2025-5-14 21:35:58-debug: asset-db:require-engine-code (785ms)
2025-5-14 21:35:58-log: meshopt wasm decoder initialized
2025-5-14 21:35:58-log: [box2d]:box2d wasm lib loaded.
2025-5-14 21:35:58-log: [bullet]:bullet wasm lib loaded.
2025-5-14 21:35:58-log: Cocos Creator v3.8.4
2025-5-14 21:35:58-debug: [Assets Memory track]: asset-db:worker-init: initEngine start:28.22MB, end 81.68MB, increase: 53.46MB
2025-5-14 21:36:01-debug: [Assets Memory track]: asset-db-plugin-register: builder start:83.88MB, end 142.33MB, increase: 58.45MB
2025-5-14 21:36:01-debug: [Assets Memory track]: asset-db-plugin-register: engine-extends start:142.74MB, end 145.55MB, increase: 2.81MB
2025-5-14 21:36:01-debug: [Assets Memory track]: asset-db-plugin-register: project start:82.41MB, end 145.56MB, increase: 63.15MB
2025-5-14 21:36:01-debug: [Assets Memory track]: asset-db:worker-init: initPlugin start:81.69MB, end 145.57MB, increase: 63.87MB
2025-5-14 21:35:58-log: Forward render pipeline initialized.
2025-5-14 21:35:58-log: Using legacy pipeline
2025-5-14 21:35:58-debug: [Assets Memory track]: asset-db-plugin-register: programming start:82.53MB, end 83.85MB, increase: 1.32MB
2025-5-14 21:36:01-debug: asset-db:worker-init: initPlugin (2746ms)
2025-5-14 21:36:01-debug: [Assets Memory track]: asset-db:worker-init start:28.21MB, end 139.28MB, increase: 111.07MB
2025-5-14 21:36:01-debug: Run asset db hook engine-extends:beforePreStart success!
2025-5-14 21:36:01-debug: Run asset db hook programming:beforePreStart success!
2025-5-14 21:36:01-debug: Run asset db hook engine-extends:beforePreStart ...
2025-5-14 21:36:01-debug: Run asset db hook programming:beforePreStart ...
2025-5-14 21:36:01-debug: asset-db:worker-init (4194ms)
2025-5-14 21:36:01-debug: asset-db-hook-programming-beforePreStart (76ms)
2025-5-14 21:36:01-debug: asset-db-hook-engine-extends-beforePreStart (76ms)
2025-5-14 21:36:01-debug: Preimport db internal success
2025-5-14 21:36:01-debug: Preimport db assets success
2025-5-14 21:36:01-debug: Run asset db hook programming:afterPreStart ...
2025-5-14 21:36:01-debug: starting packer-driver...
2025-5-14 21:36:01-debug: initialize scripting environment...
2025-5-14 21:36:01-debug: Set detail map pack:///resolution-detail-map.json: {}
2025-5-14 21:36:01-debug: [Assets Memory track]: asset-db:worker-init: preStart start:139.30MB, end 143.34MB, increase: 4.04MB
2025-5-14 21:36:01-debug: Start up the 'internal' database...
2025-5-14 21:36:01-debug: Run asset db hook engine-extends:afterPreStart success!
2025-5-14 21:36:01-debug: Run asset db hook engine-extends:afterPreStart ...
2025-5-14 21:36:01-debug: Run asset db hook programming:afterPreStart success!
2025-5-14 21:36:02-debug: asset-db-hook-programming-afterPreStart (528ms)
2025-5-14 21:36:02-debug: asset-db:worker-effect-data-processing (219ms)
2025-5-14 21:36:02-debug: asset-db-hook-engine-extends-afterPreStart (219ms)
2025-5-14 21:36:02-debug: [Assets Memory track]: asset-db:worker-startup-database[internal] start:139.38MB, end 155.70MB, increase: 16.32MB
2025-5-14 21:36:02-debug: Start up the 'assets' database...
2025-5-14 21:36:02-debug: asset-db:worker-startup-database[internal] (703ms)
2025-5-14 21:36:02-debug: [Assets Memory track]: asset-db:worker-startup-database[assets] start:141.49MB, end 157.15MB, increase: 15.66MB
2025-5-14 21:36:02-debug: [Assets Memory track]: asset-db:worker-init: startup start:143.35MB, end 157.16MB, increase: 13.81MB
2025-5-14 21:36:02-debug: lazy register asset handler *
2025-5-14 21:36:02-debug: lazy register asset handler directory
2025-5-14 21:36:02-debug: lazy register asset handler text
2025-5-14 21:36:02-debug: lazy register asset handler json
2025-5-14 21:36:02-debug: lazy register asset handler spine-data
2025-5-14 21:36:02-debug: lazy register asset handler dragonbones
2025-5-14 21:36:02-debug: lazy register asset handler dragonbones-atlas
2025-5-14 21:36:02-debug: lazy register asset handler terrain
2025-5-14 21:36:02-debug: lazy register asset handler javascript
2025-5-14 21:36:02-debug: lazy register asset handler typescript
2025-5-14 21:36:02-debug: lazy register asset handler scene
2025-5-14 21:36:02-debug: lazy register asset handler prefab
2025-5-14 21:36:02-debug: lazy register asset handler sprite-frame
2025-5-14 21:36:02-debug: lazy register asset handler buffer
2025-5-14 21:36:02-debug: lazy register asset handler tiled-map
2025-5-14 21:36:02-debug: lazy register asset handler image
2025-5-14 21:36:02-debug: lazy register asset handler sign-image
2025-5-14 21:36:02-debug: lazy register asset handler alpha-image
2025-5-14 21:36:02-debug: lazy register asset handler texture
2025-5-14 21:36:02-debug: lazy register asset handler texture-cube
2025-5-14 21:36:02-debug: lazy register asset handler erp-texture-cube
2025-5-14 21:36:02-debug: lazy register asset handler render-texture
2025-5-14 21:36:02-debug: lazy register asset handler texture-cube-face
2025-5-14 21:36:02-debug: lazy register asset handler rt-sprite-frame
2025-5-14 21:36:02-debug: lazy register asset handler gltf
2025-5-14 21:36:02-debug: lazy register asset handler gltf-mesh
2025-5-14 21:36:02-debug: lazy register asset handler gltf-animation
2025-5-14 21:36:02-debug: lazy register asset handler gltf-skeleton
2025-5-14 21:36:02-debug: lazy register asset handler gltf-material
2025-5-14 21:36:02-debug: lazy register asset handler gltf-scene
2025-5-14 21:36:02-debug: lazy register asset handler gltf-embeded-image
2025-5-14 21:36:02-debug: lazy register asset handler fbx
2025-5-14 21:36:02-debug: lazy register asset handler material
2025-5-14 21:36:02-debug: lazy register asset handler physics-material
2025-5-14 21:36:02-debug: lazy register asset handler effect-header
2025-5-14 21:36:02-debug: lazy register asset handler audio-clip
2025-5-14 21:36:02-debug: lazy register asset handler animation-clip
2025-5-14 21:36:02-debug: lazy register asset handler animation-graph
2025-5-14 21:36:02-debug: lazy register asset handler animation-graph-variant
2025-5-14 21:36:02-debug: lazy register asset handler animation-mask
2025-5-14 21:36:02-debug: lazy register asset handler ttf-font
2025-5-14 21:36:02-debug: lazy register asset handler bitmap-font
2025-5-14 21:36:02-debug: lazy register asset handler particle
2025-5-14 21:36:02-debug: lazy register asset handler sprite-atlas
2025-5-14 21:36:02-debug: lazy register asset handler auto-atlas
2025-5-14 21:36:02-debug: lazy register asset handler label-atlas
2025-5-14 21:36:02-debug: lazy register asset handler render-pipeline
2025-5-14 21:36:02-debug: lazy register asset handler render-stage
2025-5-14 21:36:02-debug: lazy register asset handler render-flow
2025-5-14 21:36:02-debug: lazy register asset handler instantiation-material
2025-5-14 21:36:02-debug: lazy register asset handler instantiation-animation
2025-5-14 21:36:02-debug: lazy register asset handler video-clip
2025-5-14 21:36:02-debug: lazy register asset handler instantiation-mesh
2025-5-14 21:36:02-debug: lazy register asset handler instantiation-skeleton
2025-5-14 21:36:02-debug: lazy register asset handler effect
2025-5-14 21:36:02-debug: asset-db:worker-startup-database[assets] (638ms)
2025-5-14 21:36:02-debug: asset-db:start-database (749ms)
2025-5-14 21:36:02-debug: asset-db:ready (7407ms)
2025-5-14 21:36:02-debug: init worker message success
2025-5-14 21:36:02-debug: programming:execute-script (5ms)
2025-5-14 21:36:02-debug: [Build Memory track]: builder:worker-init start:156.10MB, end 167.50MB, increase: 11.40MB
2025-5-14 21:36:02-debug: builder:worker-init (370ms)
2025-5-14 21:36:24-debug: refresh db internal success
2025-5-14 21:36:24-debug: refresh db assets success
2025-5-14 21:36:24-debug: Run asset db hook engine-extends:afterRefresh ...
2025-5-14 21:36:24-debug: Run asset db hook engine-extends:afterRefresh success!
2025-5-14 21:36:24-debug: asset-db:refresh-all-database (55ms)
2025-5-14 21:36:24-debug: asset-db:worker-effect-data-processing (3ms)
2025-5-14 21:36:24-debug: asset-db-hook-engine-extends-afterRefresh (4ms)
2025-5-14 22:10:02-debug: refresh db internal success
2025-5-14 22:10:02-debug: refresh db assets success
2025-5-14 22:10:02-debug: Run asset db hook engine-extends:afterRefresh ...
2025-5-14 22:10:02-debug: Run asset db hook engine-extends:afterRefresh success!
2025-5-14 22:10:02-debug: asset-db:worker-effect-data-processing (2ms)
2025-5-14 22:10:02-debug: asset-db:refresh-all-database (148ms)
2025-5-14 22:10:02-debug: asset-db-hook-engine-extends-afterRefresh (3ms)
2025-5-14 22:12:38-debug: refresh db internal success
2025-5-14 22:12:38-debug: refresh db assets success
2025-5-14 22:12:38-debug: Run asset db hook engine-extends:afterRefresh ...
2025-5-14 22:12:38-debug: Run asset db hook engine-extends:afterRefresh success!
2025-5-14 22:12:38-debug: asset-db:refresh-all-database (131ms)
2025-5-14 22:12:38-debug: asset-db:worker-effect-data-processing (2ms)
2025-5-14 22:12:38-debug: asset-db-hook-engine-extends-afterRefresh (2ms)
2025-5-14 22:13:33-debug: refresh db internal success
2025-5-14 22:13:33-debug: refresh db assets success
2025-5-14 22:13:33-debug: Run asset db hook engine-extends:afterRefresh ...
2025-5-14 22:13:33-debug: Run asset db hook engine-extends:afterRefresh success!
2025-5-14 22:13:33-debug: asset-db:refresh-all-database (60ms)
2025-5-14 22:13:33-debug: asset-db:worker-effect-data-processing (2ms)
2025-5-14 22:13:33-debug: asset-db-hook-engine-extends-afterRefresh (3ms)
2025-5-14 22:16:44-debug: refresh db internal success
2025-5-14 22:16:44-debug: refresh db assets success
2025-5-14 22:16:44-debug: Run asset db hook engine-extends:afterRefresh success!
2025-5-14 22:16:44-debug: Run asset db hook engine-extends:afterRefresh ...
2025-5-14 22:16:44-debug: asset-db:refresh-all-database (107ms)
2025-5-14 22:16:44-debug: asset-db:worker-effect-data-processing (2ms)
2025-5-14 22:16:44-debug: asset-db-hook-engine-extends-afterRefresh (4ms)
2025-5-14 22:29:06-debug: refresh db internal success
2025-5-14 22:29:06-debug: refresh db assets success
2025-5-14 22:29:06-debug: Run asset db hook engine-extends:afterRefresh ...
2025-5-14 22:29:06-debug: Run asset db hook engine-extends:afterRefresh success!
2025-5-14 22:29:06-debug: asset-db:refresh-all-database (281ms)
2025-5-14 22:29:06-debug: asset-db-hook-engine-extends-afterRefresh (8ms)
2025-5-14 22:29:06-debug: asset-db:worker-effect-data-processing (6ms)
