2025-5-12 19:24:14-debug: start **** info
2025-5-12 19:24:15-log: Cannot access game frame or container.
2025-5-12 19:24:18-debug: asset-db:require-engine-code (3559ms)
2025-5-12 19:24:19-log: meshopt wasm decoder initialized
2025-5-12 19:24:20-log: [box2d]:box2d wasm lib loaded.
2025-5-12 19:24:20-log: [bullet]:bullet wasm lib loaded.
2025-5-12 19:24:22-log: Cocos Creator v3.8.4
2025-5-12 19:24:22-log: Using legacy pipeline
2025-5-12 19:24:32-debug: [Assets Memory track]: asset-db-plugin-register: builder start:84.02MB, end 160.64MB, increase: 76.62MB
2025-5-12 19:24:32-debug: [Assets Memory track]: asset-db-plugin-register: engine-extends start:160.84MB, end 163.57MB, increase: 2.73MB
2025-5-12 19:24:32-debug: [Assets Memory track]: asset-db-plugin-register: project start:82.50MB, end 163.64MB, increase: 81.14MB
2025-5-12 19:24:32-debug: [Assets Memory track]: asset-db:worker-init: initPlugin start:81.81MB, end 163.67MB, increase: 81.85MB
2025-5-12 19:24:22-log: Forward render pipeline initialized.
2025-5-12 19:24:22-debug: [Assets Memory track]: asset-db:worker-init: initEngine start:32.04MB, end 81.80MB, increase: 49.76MB
2025-5-12 19:24:24-debug: [Assets Memory track]: asset-db-plugin-register: programming start:82.61MB, end 83.99MB, increase: 1.38MB
2025-5-12 19:24:32-debug: asset-db:worker-init: initPlugin (10478ms)
2025-5-12 19:24:32-debug: [Assets Memory track]: asset-db:worker-init start:32.03MB, end 163.78MB, increase: 131.75MB
2025-5-12 19:24:32-debug: Run asset db hook engine-extends:beforePreStart success!
2025-5-12 19:24:32-debug: Run asset db hook programming:beforePreStart success!
2025-5-12 19:24:32-debug: Run asset db hook engine-extends:beforePreStart ...
2025-5-12 19:24:32-debug: Run asset db hook programming:beforePreStart ...
2025-5-12 19:24:32-debug: asset-db:worker-init (18251ms)
2025-5-12 19:24:32-debug: asset-db-hook-programming-beforePreStart (171ms)
2025-5-12 19:24:32-debug: asset-db-hook-engine-extends-beforePreStart (170ms)
2025-5-12 19:24:33-debug: Preimport db internal success
2025-5-12 19:24:33-debug: Preimport db assets success
2025-5-12 19:24:33-debug: Run asset db hook programming:afterPreStart ...
2025-5-12 19:24:33-debug: starting packer-driver...
2025-5-12 19:24:34-debug: initialize scripting environment...
2025-5-12 19:24:34-debug: Set detail map pack:///resolution-detail-map.json: {}
2025-5-12 19:24:34-debug: Run asset db hook programming:afterPreStart success!
2025-5-12 19:24:34-debug: Run asset db hook engine-extends:afterPreStart ...
2025-5-12 19:24:34-debug: Run asset db hook engine-extends:afterPreStart success!
2025-5-12 19:24:34-debug: Start up the 'internal' database...
2025-5-12 19:24:35-debug: asset-db-hook-programming-afterPreStart (1994ms)
2025-5-12 19:24:35-debug: asset-db-hook-engine-extends-afterPreStart (504ms)
2025-5-12 19:24:35-debug: asset-db:worker-effect-data-processing (503ms)
2025-5-12 19:24:35-debug: [Assets Memory track]: asset-db:worker-startup-database[internal] start:163.88MB, end 176.13MB, increase: 12.25MB
2025-5-12 19:24:35-debug: Start up the 'assets' database...
2025-5-12 19:24:35-debug: asset-db:worker-startup-database[internal] (2393ms)
2025-5-12 19:24:35-debug: [Assets Memory track]: asset-db:worker-startup-database[assets] start:161.44MB, end 177.57MB, increase: 16.14MB
2025-5-12 19:24:35-debug: lazy register asset handler *
2025-5-12 19:24:35-debug: lazy register asset handler directory
2025-5-12 19:24:35-debug: lazy register asset handler text
2025-5-12 19:24:35-debug: lazy register asset handler json
2025-5-12 19:24:35-debug: lazy register asset handler spine-data
2025-5-12 19:24:35-debug: lazy register asset handler terrain
2025-5-12 19:24:35-debug: lazy register asset handler javascript
2025-5-12 19:24:35-debug: lazy register asset handler typescript
2025-5-12 19:24:35-debug: lazy register asset handler scene
2025-5-12 19:24:35-debug: lazy register asset handler prefab
2025-5-12 19:24:35-debug: lazy register asset handler sprite-frame
2025-5-12 19:24:35-debug: lazy register asset handler tiled-map
2025-5-12 19:24:35-debug: lazy register asset handler buffer
2025-5-12 19:24:35-debug: lazy register asset handler image
2025-5-12 19:24:35-debug: lazy register asset handler sign-image
2025-5-12 19:24:35-debug: lazy register asset handler alpha-image
2025-5-12 19:24:35-debug: lazy register asset handler texture
2025-5-12 19:24:35-debug: lazy register asset handler texture-cube
2025-5-12 19:24:35-debug: lazy register asset handler erp-texture-cube
2025-5-12 19:24:35-debug: lazy register asset handler render-texture
2025-5-12 19:24:35-debug: lazy register asset handler texture-cube-face
2025-5-12 19:24:35-debug: lazy register asset handler rt-sprite-frame
2025-5-12 19:24:35-debug: lazy register asset handler gltf
2025-5-12 19:24:35-debug: lazy register asset handler gltf-mesh
2025-5-12 19:24:35-debug: lazy register asset handler gltf-animation
2025-5-12 19:24:35-debug: lazy register asset handler gltf-material
2025-5-12 19:24:35-debug: lazy register asset handler gltf-skeleton
2025-5-12 19:24:35-debug: lazy register asset handler gltf-scene
2025-5-12 19:24:35-debug: lazy register asset handler gltf-embeded-image
2025-5-12 19:24:35-debug: lazy register asset handler fbx
2025-5-12 19:24:35-debug: lazy register asset handler material
2025-5-12 19:24:35-debug: lazy register asset handler physics-material
2025-5-12 19:24:35-debug: lazy register asset handler effect
2025-5-12 19:24:35-debug: lazy register asset handler effect-header
2025-5-12 19:24:35-debug: lazy register asset handler audio-clip
2025-5-12 19:24:35-debug: lazy register asset handler animation-clip
2025-5-12 19:24:35-debug: lazy register asset handler animation-graph
2025-5-12 19:24:35-debug: lazy register asset handler animation-graph-variant
2025-5-12 19:24:35-debug: lazy register asset handler dragonbones-atlas
2025-5-12 19:24:35-debug: lazy register asset handler ttf-font
2025-5-12 19:24:35-debug: lazy register asset handler bitmap-font
2025-5-12 19:24:35-debug: lazy register asset handler sprite-atlas
2025-5-12 19:24:35-debug: lazy register asset handler auto-atlas
2025-5-12 19:24:35-debug: lazy register asset handler particle
2025-5-12 19:24:35-debug: lazy register asset handler label-atlas
2025-5-12 19:24:35-debug: lazy register asset handler render-pipeline
2025-5-12 19:24:35-debug: lazy register asset handler render-stage
2025-5-12 19:24:35-debug: lazy register asset handler render-flow
2025-5-12 19:24:35-debug: lazy register asset handler instantiation-material
2025-5-12 19:24:35-debug: lazy register asset handler instantiation-mesh
2025-5-12 19:24:35-debug: lazy register asset handler dragonbones
2025-5-12 19:24:35-debug: lazy register asset handler instantiation-animation
2025-5-12 19:24:35-debug: lazy register asset handler video-clip
2025-5-12 19:24:35-debug: [Assets Memory track]: asset-db:worker-init: startup start:163.24MB, end 177.59MB, increase: 14.34MB
2025-5-12 19:24:35-debug: lazy register asset handler instantiation-skeleton
2025-5-12 19:24:35-debug: lazy register asset handler animation-mask
2025-5-12 19:24:35-debug: asset-db:worker-startup-database[assets] (2215ms)
2025-5-12 19:24:35-debug: asset-db:start-database (2453ms)
2025-5-12 19:24:35-debug: asset-db:ready (27113ms)
2025-5-12 19:24:35-debug: init worker message success
2025-5-12 19:24:35-debug: programming:execute-script (9ms)
2025-5-12 19:24:36-debug: [Build Memory track]: builder:worker-init start:174.69MB, end 186.61MB, increase: 11.92MB
2025-5-12 19:24:36-debug: builder:worker-init (1654ms)
2025-5-12 19:24:51-debug: refresh db internal success
2025-5-12 19:24:51-debug: refresh db assets success
2025-5-12 19:24:51-debug: Run asset db hook engine-extends:afterRefresh ...
2025-5-12 19:24:51-debug: Run asset db hook engine-extends:afterRefresh success!
2025-5-12 19:24:51-debug: asset-db:refresh-all-database (398ms)
2025-5-12 19:24:51-debug: asset-db:worker-effect-data-processing (6ms)
2025-5-12 19:24:51-debug: asset-db-hook-engine-extends-afterRefresh (11ms)
2025-5-12 20:00:36-error: _updateAdaptResult Invalid size.
2025-5-12 20:05:22-error: _updateAdaptResult Invalid size.
2025-5-12 22:42:17-debug: refresh db internal success
2025-5-12 22:42:17-debug: refresh db assets success
2025-5-12 22:42:17-debug: Run asset db hook engine-extends:afterRefresh ...
2025-5-12 22:42:17-debug: Run asset db hook engine-extends:afterRefresh success!
2025-5-12 22:42:17-debug: asset-db:refresh-all-database (979ms)
2025-5-12 22:42:17-debug: asset-db:worker-effect-data-processing (9ms)
2025-5-12 22:42:17-debug: asset-db-hook-engine-extends-afterRefresh (9ms)
